[    0.000000] Linux version 4.15.0-162-generic (buildd@lcy01-amd64-007) (gcc version 7.5.0 (Ubuntu 7.5.0-3ubuntu1~18.04)) #170-Ubuntu SMP Mon Oct 18 11:38:05 UTC 2021 (Ubuntu 4.15.0-162.170-generic 4.15.18)
[    0.000000] Command line: BOOT_IMAGE=/boot/vmlinuz-4.15.0-162-generic root=LABEL=cloudimg-rootfs ro console=tty1 console=ttyS0
[    0.000000] KERNEL supported cpus:
[    0.000000]   Intel GenuineIntel
[    0.000000]   AMD AuthenticAMD
[    0.000000]   Centaur CentaurHauls
[    0.000000] x86/fpu: Supporting XSAVE feature 0x001: 'x87 floating point registers'
[    0.000000] x86/fpu: Supporting XSAVE feature 0x002: 'SSE registers'
[    0.000000] x86/fpu: Supporting XSAVE feature 0x004: 'AVX registers'
[    0.000000] x86/fpu: xstate_offset[2]:  576, xstate_sizes[2]:  256
[    0.000000] x86/fpu: Enabled xstate features 0x7, context size is 832 bytes, using 'standard' format.
[    0.000000] e820: BIOS-provided physical RAM map:
[    0.000000] BIOS-e820: [mem 0x0000000000000000-0x000000000009fbff] usable
[    0.000000] BIOS-e820: [mem 0x000000000009fc00-0x000000000009ffff] reserved
[    0.000000] BIOS-e820: [mem 0x00000000000f0000-0x00000000000fffff] reserved
[    0.000000] BIOS-e820: [mem 0x0000000000100000-0x00000000dffeffff] usable
[    0.000000] BIOS-e820: [mem 0x00000000dfff0000-0x00000000dfffffff] ACPI data
[    0.000000] BIOS-e820: [mem 0x00000000fec00000-0x00000000fec00fff] reserved
[    0.000000] BIOS-e820: [mem 0x00000000fee00000-0x00000000fee00fff] reserved
[    0.000000] BIOS-e820: [mem 0x00000000fffc0000-0x00000000ffffffff] reserved
[    0.000000] BIOS-e820: [mem 0x0000000100000000-0x000000011fffffff] usable
[    0.000000] NX (Execute Disable) protection: active
[    0.000000] SMBIOS 2.5 present.
[    0.000000] DMI: innotek GmbH VirtualBox/VirtualBox, BIOS VirtualBox 12/01/2006
[    0.000000] Hypervisor detected: KVM
[    0.000000] e820: last_pfn = 0x120000 max_arch_pfn = 0x400000000
[    0.000000] MTRR: Disabled
[    0.000000] x86/PAT: MTRRs disabled, skipping PAT initialization too.
[    0.000000] CPU MTRRs all blank - virtualized system.
[    0.000000] x86/PAT: Configuration [0-7]: WB  WT  UC- UC  WB  WT  UC- UC  
[    0.000000] e820: last_pfn = 0xdfff0 max_arch_pfn = 0x400000000
[    0.000000] found SMP MP-table at [mem 0x0009fff0-0x0009ffff]
[    0.000000] Scanning 1 areas for low memory corruption
[    0.000000] RAMDISK: [mem 0x359cd000-0x36cddfff]
[    0.000000] ACPI: Early table checksum verification disabled
[    0.000000] ACPI: RSDP 0x00000000000E0000 000024 (v02 VBOX  )
[    0.000000] ACPI: XSDT 0x00000000DFFF0030 00003C (v01 VBOX   VBOXXSDT 00000001 ASL  00000061)
[    0.000000] ACPI: FACP 0x00000000DFFF00F0 0000F4 (v04 VBOX   VBOXFACP 00000001 ASL  00000061)
[    0.000000] ACPI: DSDT 0x00000000DFFF0480 002325 (v02 VBOX   VBOXBIOS 00000002 INTL 20120111)
[    0.000000] ACPI: FACS 0x00000000DFFF0200 000040
[    0.000000] ACPI: FACS 0x00000000DFFF0200 000040
[    0.000000] ACPI: APIC 0x00000000DFFF0240 000064 (v02 VBOX   VBOXAPIC 00000001 ASL  00000061)
[    0.000000] ACPI: SSDT 0x00000000DFFF02B0 0001CC (v01 VBOX   VBOXCPUT 00000002 INTL 20120111)
[    0.000000] ACPI: Reserving FACP table memory at [mem 0xdfff00f0-0xdfff01e3]
[    0.000000] ACPI: Reserving DSDT table memory at [mem 0xdfff0480-0xdfff27a4]
[    0.000000] ACPI: Reserving FACS table memory at [mem 0xdfff0200-0xdfff023f]
[    0.000000] ACPI: Reserving FACS table memory at [mem 0xdfff0200-0xdfff023f]
[    0.000000] ACPI: Reserving APIC table memory at [mem 0xdfff0240-0xdfff02a3]
[    0.000000] ACPI: Reserving SSDT table memory at [mem 0xdfff02b0-0xdfff047b]
[    0.000000] No NUMA configuration found
[    0.000000] Faking a node at [mem 0x0000000000000000-0x000000011fffffff]
[    0.000000] NODE_DATA(0) allocated [mem 0x11ffd1000-0x11fffbfff]
[    0.000000] kvm-clock: cpu 0, msr 1:1ff50001, primary cpu clock
[    0.000000] kvm-clock: Using msrs 4b564d01 and 4b564d00
[    0.000000] kvm-clock: using sched offset of 3448057079 cycles
[    0.000000] clocksource: kvm-clock: mask: 0xffffffffffffffff max_cycles: 0x1cd42e4dffb, max_idle_ns: 881590591483 ns
[    0.000000] Zone ranges:
[    0.000000]   DMA      [mem 0x0000000000001000-0x0000000000ffffff]
[    0.000000]   DMA32    [mem 0x0000000001000000-0x00000000ffffffff]
[    0.000000]   Normal   [mem 0x0000000100000000-0x000000011fffffff]
[    0.000000]   Device   empty
[    0.000000] Movable zone start for each node
[    0.000000] Early memory node ranges
[    0.000000]   node   0: [mem 0x0000000000001000-0x000000000009efff]
[    0.000000]   node   0: [mem 0x0000000000100000-0x00000000dffeffff]
[    0.000000]   node   0: [mem 0x0000000100000000-0x000000011fffffff]
[    0.000000] Reserved but unavailable: 104 pages
[    0.000000] Initmem setup node 0 [mem 0x0000000000001000-0x000000011fffffff]
[    0.000000] ACPI: PM-Timer IO Port: 0x4008
[    0.000000] IOAPIC[0]: apic_id 3, version 32, address 0xfec00000, GSI 0-23
[    0.000000] ACPI: INT_SRC_OVR (bus 0 bus_irq 0 global_irq 2 dfl dfl)
[    0.000000] ACPI: INT_SRC_OVR (bus 0 bus_irq 9 global_irq 9 low level)
[    0.000000] Using ACPI (MADT) for SMP configuration information
[    0.000000] smpboot: Allowing 3 CPUs, 0 hotplug CPUs
[    0.000000] PM: Registered nosave memory: [mem 0x00000000-0x00000fff]
[    0.000000] PM: Registered nosave memory: [mem 0x0009f000-0x0009ffff]
[    0.000000] PM: Registered nosave memory: [mem 0x000a0000-0x000effff]
[    0.000000] PM: Registered nosave memory: [mem 0x000f0000-0x000fffff]
[    0.000000] PM: Registered nosave memory: [mem 0xdfff0000-0xdfffffff]
[    0.000000] PM: Registered nosave memory: [mem 0xe0000000-0xfebfffff]
[    0.000000] PM: Registered nosave memory: [mem 0xfec00000-0xfec00fff]
[    0.000000] PM: Registered nosave memory: [mem 0xfec01000-0xfedfffff]
[    0.000000] PM: Registered nosave memory: [mem 0xfee00000-0xfee00fff]
[    0.000000] PM: Registered nosave memory: [mem 0xfee01000-0xfffbffff]
[    0.000000] PM: Registered nosave memory: [mem 0xfffc0000-0xffffffff]
[    0.000000] e820: [mem 0xe0000000-0xfebfffff] available for PCI devices
[    0.000000] Booting paravirtualized kernel on KVM
[    0.000000] clocksource: refined-jiffies: mask: 0xffffffff max_cycles: 0xffffffff, max_idle_ns: 7645519600211568 ns
[    0.000000] random: get_random_bytes called from start_kernel+0x99/0x500 with crng_init=0
[    0.000000] setup_percpu: NR_CPUS:8192 nr_cpumask_bits:3 nr_cpu_ids:3 nr_node_ids:1
[    0.000000] percpu: Embedded 45 pages/cpu s147456 r8192 d28672 u524288
[    0.000000] PV qspinlock hash table entries: 256 (order: 0, 4096 bytes)
[    0.000000] Built 1 zonelists, mobility grouping on.  Total pages: 1032057
[    0.000000] Policy zone: Normal
[    0.000000] Kernel command line: BOOT_IMAGE=/boot/vmlinuz-4.15.0-162-generic root=LABEL=cloudimg-rootfs ro console=tty1 console=ttyS0
[    0.000000] Memory: 4013140K/4193848K available (12300K kernel code, 2483K rwdata, 4320K rodata, 2448K init, 2724K bss, 180708K reserved, 0K cma-reserved)
[    0.000000] SLUB: HWalign=64, Order=0-3, MinObjects=0, CPUs=3, Nodes=1
[    0.000000] Kernel/User page tables isolation: enabled
[    0.000000] ftrace: allocating 39475 entries in 155 pages
[    0.004000] Hierarchical RCU implementation.
[    0.004000] 	RCU restricting CPUs from NR_CPUS=8192 to nr_cpu_ids=3.
[    0.004000] 	Tasks RCU enabled.
[    0.004000] RCU: Adjusting geometry for rcu_fanout_leaf=16, nr_cpu_ids=3
[    0.004000] NR_IRQS: 524544, nr_irqs: 448, preallocated irqs: 16
[    0.004000] Console: colour VGA+ 80x25
[    0.004000] console [tty1] enabled
[    0.004000] console [ttyS0] enabled
[    0.004000] ACPI: Core revision 20170831
[    0.004000] ACPI: 2 ACPI AML tables successfully acquired and loaded
[    0.004000] APIC: Switch to symmetric I/O mode setup
[    0.004000] x2apic enabled
[    0.004000] Switched APIC routing to physical x2apic.
[    0.004000] ..TIMER: vector=0x30 apic1=0 pin1=2 apic2=-1 pin2=-1
[    0.004003] tsc: Detected 2399.998 MHz processor
[    0.004805] Calibrating delay loop (skipped) preset value.. 4799.99 BogoMIPS (lpj=9599992)
[    0.005408] pid_max: default: 32768 minimum: 301
[    0.006317] Security Framework initialized
[    0.008002] Yama: becoming mindful.
[    0.009410] AppArmor: AppArmor initialized
[    0.014119] Dentry cache hash table entries: 524288 (order: 10, 4194304 bytes)
[    0.016000] Inode-cache hash table entries: 262144 (order: 9, 2097152 bytes)
[    0.016013] Mount-cache hash table entries: 8192 (order: 4, 65536 bytes)
[    0.017220] Mountpoint-cache hash table entries: 8192 (order: 4, 65536 bytes)
[    0.020189] Last level iTLB entries: 4KB 64, 2MB 8, 4MB 8
[    0.021168] Last level dTLB entries: 4KB 64, 2MB 0, 4MB 0, 1GB 4
[    0.022204] Spectre V1 : Mitigation: usercopy/swapgs barriers and __user pointer sanitization
[    0.024002] Spectre V2 : Mitigation: Full generic retpoline
[    0.026152] Spectre V2 : Spectre v2 / SpectreRSB mitigation: Filling RSB on context switch
[    0.028002] Speculative Store Bypass: Vulnerable
[    0.029005] SRBDS: Unknown: Dependent on hypervisor status
[    0.032001] MDS: Mitigation: Clear CPU buffers
[    0.033022] Freeing SMP alternatives memory: 36K
[    0.144205] smpboot: CPU0: Intel(R) Core(TM) i9-9980HK CPU @ 2.40GHz (family: 0x6, model: 0x9e, stepping: 0xd)
[    0.146058] Performance Events: unsupported p6 CPU model 158 no PMU driver, software events only.
[    0.147581] Hierarchical SRCU implementation.
[    0.148505] NMI watchdog: Perf event create on CPU 0 failed with -2
[    0.150679] NMI watchdog: Perf NMI watchdog permanently disabled
[    0.151819] smp: Bringing up secondary CPUs ...
[    0.152915] x86: Booting SMP configuration:
[    0.153665] .... node  #0, CPUs:      #1
[    0.004000] kvm-clock: cpu 1, msr 1:1ff50041, secondary cpu clock
[    0.158425]  #2
[    0.004000] kvm-clock: cpu 2, msr 1:1ff50081, secondary cpu clock
[    0.163258] smp: Brought up 1 node, 3 CPUs
[    0.164002] smpboot: Max logical packages: 1
[    0.165229] smpboot: Total of 3 processors activated (14399.98 BogoMIPS)
[    0.167197] devtmpfs: initialized
[    0.168039] x86/mm: Memory block size: 128MB
[    0.169087] evm: security.selinux
[    0.169793] evm: security.SMACK64
[    0.170573] evm: security.SMACK64EXEC
[    0.171444] evm: security.SMACK64TRANSMUTE
[    0.172003] evm: security.SMACK64MMAP
[    0.172745] evm: security.apparmor
[    0.173443] evm: security.ima
[    0.174070] evm: security.capability
[    0.174826] clocksource: jiffies: mask: 0xffffffff max_cycles: 0xffffffff, max_idle_ns: 7645041785100000 ns
[    0.176007] futex hash table entries: 1024 (order: 4, 65536 bytes)
[    0.178006] pinctrl core: initialized pinctrl subsystem
[    0.180094] RTC time:  7:15:47, date: 11/27/21
[    0.181358] NET: Registered protocol family 16
[    0.184055] audit: initializing netlink subsys (disabled)
[    0.185118] audit: type=2000 audit(1637997352.724:1): state=initialized audit_enabled=0 res=1
[    0.185118] cpuidle: using governor ladder
[    0.188005] cpuidle: using governor menu
[    0.188928] ACPI: bus type PCI registered
[    0.189750] acpiphp: ACPI Hot Plug PCI Controller Driver version: 0.5
[    0.191127] PCI: Using configuration type 1 for base access
[    0.192886] HugeTLB registered 2.00 MiB page size, pre-allocated 0 pages
[    0.193459] ACPI: Added _OSI(Module Device)
[    0.196003] ACPI: Added _OSI(Processor Device)
[    0.197303] ACPI: Added _OSI(3.0 _SCP Extensions)
[    0.198404] ACPI: Added _OSI(Processor Aggregator Device)
[    0.200003] ACPI: Added _OSI(Linux-Dell-Video)
[    0.200851] ACPI: Added _OSI(Linux-Lenovo-NV-HDMI-Audio)
[    0.201847] ACPI: Added _OSI(Linux-HPI-Hybrid-Graphics)
[    0.203135] ACPI: Executed 1 blocks of module-level executable AML code
[    0.206779] ACPI: Interpreter enabled
[    0.207535] ACPI: (supports S0 S5)
[    0.208008] ACPI: Using IOAPIC for interrupt routing
[    0.209243] PCI: Using host bridge windows from ACPI; if necessary, use "pci=nocrs" and report a bug
[    0.212189] ACPI: Enabled 2 GPEs in block 00 to 07
[    0.221289] ACPI: PCI Root Bridge [PCI0] (domain 0000 [bus 00-ff])
[    0.222595] acpi PNP0A03:00: _OSC: OS supports [ASPM ClockPM Segments MSI]
[    0.224368] acpi PNP0A03:00: _OSC: not requesting OS control; OS requires [ExtendedConfig ASPM ClockPM MSI]
[    0.226850] acpi PNP0A03:00: fail to add MMCONFIG information, can't access extended PCI configuration space under this bridge.
[    0.228497] PCI host bridge to bus 0000:00
[    0.229494] pci_bus 0000:00: root bus resource [io  0x0000-0x0cf7 window]
[    0.232002] pci_bus 0000:00: root bus resource [io  0x0d00-0xffff window]
[    0.233320] pci_bus 0000:00: root bus resource [mem 0x000a0000-0x000bffff window]
[    0.234732] pci_bus 0000:00: root bus resource [mem 0xe0000000-0xfdffffff window]
[    0.236002] pci_bus 0000:00: root bus resource [bus 00-ff]
[    0.240840] pci 0000:00:01.1: legacy IDE quirk: reg 0x10: [io  0x01f0-0x01f7]
[    0.242246] pci 0000:00:01.1: legacy IDE quirk: reg 0x14: [io  0x03f6]
[    0.243619] pci 0000:00:01.1: legacy IDE quirk: reg 0x18: [io  0x0170-0x0177]
[    0.244002] pci 0000:00:01.1: legacy IDE quirk: reg 0x1c: [io  0x0376]
[    0.275017] pci 0000:00:07.0: quirk: [io  0x4000-0x403f] claimed by PIIX4 ACPI
[    0.276020] pci 0000:00:07.0: quirk: [io  0x4100-0x410f] claimed by PIIX4 SMB
[    0.296000] ACPI: PCI Interrupt Link [LNKA] (IRQs 5 9 10 *11)
[    0.296324] ACPI: PCI Interrupt Link [LNKB] (IRQs 5 9 *10 11)
[    0.297964] ACPI: PCI Interrupt Link [LNKC] (IRQs 5 *9 10 11)
[    0.300117] ACPI: PCI Interrupt Link [LNKD] (IRQs 5 9 10 *11)
[    0.301466] SCSI subsystem initialized
[    0.302252] pci 0000:00:02.0: vgaarb: setting as boot VGA device
[    0.302252] pci 0000:00:02.0: vgaarb: VGA device added: decodes=io+mem,owns=io+mem,locks=none
[    0.304004] pci 0000:00:02.0: vgaarb: bridge control possible
[    0.305103] vgaarb: loaded
[    0.305670] ACPI: bus type USB registered
[    0.306463] usbcore: registered new interface driver usbfs
[    0.308013] usbcore: registered new interface driver hub
[    0.309251] usbcore: registered new device driver usb
[    0.312046] EDAC MC: Ver: 3.0.0
[    0.312885] PCI: Using ACPI for IRQ routing
[    0.313198] NetLabel: Initializing
[    0.313857] NetLabel:  domain hash size = 128
[    0.316002] NetLabel:  protocols = UNLABELED CIPSOv4 CALIPSO
[    0.317036] NetLabel:  unlabeled traffic allowed by default
[    0.318480] clocksource: Switched to clocksource kvm-clock
[    0.327880] VFS: Disk quotas dquot_6.6.0
[    0.328750] VFS: Dquot-cache hash table entries: 512 (order 0, 4096 bytes)
[    0.330192] AppArmor: AppArmor Filesystem Enabled
[    0.331145] pnp: PnP ACPI init
[    0.333007] pnp: PnP ACPI: found 3 devices
[    0.341042] clocksource: acpi_pm: mask: 0xffffff max_cycles: 0xffffff, max_idle_ns: 2085701024 ns
[    0.342636] NET: Registered protocol family 2
[    0.343444] IP idents hash table entries: 65536 (order: 7, 524288 bytes)
[    0.344988] TCP established hash table entries: 32768 (order: 6, 262144 bytes)
[    0.347103] TCP bind hash table entries: 32768 (order: 7, 524288 bytes)
[    0.349077] TCP: Hash tables configured (established 32768 bind 32768)
[    0.350191] UDP hash table entries: 2048 (order: 4, 65536 bytes)
[    0.351211] UDP-Lite hash table entries: 2048 (order: 4, 65536 bytes)
[    0.352335] NET: Registered protocol family 1
[    0.353374] pci 0000:00:00.0: Limiting direct PCI/PCI transfers
[    0.354437] pci 0000:00:01.0: Activating ISA DMA hang workarounds
[    0.357030] pci 0000:00:02.0: Video device with shadowed ROM at [mem 0x000c0000-0x000dffff]
[    0.359018] Unpacking initramfs...
[    0.621337] Freeing initrd memory: 19524K
[    0.623215] PCI-DMA: Using software bounce buffering for IO (SWIOTLB)
[    0.625711] software IO TLB: mapped [mem 0xdbff0000-0xdfff0000] (64MB)
[    0.627021] clocksource: tsc: mask: 0xffffffffffffffff max_cycles: 0x229835b7123, max_idle_ns: 440795242976 ns
[    0.629638] platform rtc_cmos: registered platform RTC device (no PNP device found)
[    0.631134] Scanning for low memory corruption every 60 seconds
[    0.633593] Initialise system trusted keyrings
[    0.634391] Key type blacklist registered
[    0.635228] workingset: timestamp_bits=36 max_order=20 bucket_order=0
[    0.637179] zbud: loaded
[    0.638443] squashfs: version 4.0 (2009/01/31) Phillip Lougher
[    0.641801] fuse init (API version 7.26)
[    0.645817] Key type asymmetric registered
[    0.647290] Asymmetric key parser 'x509' registered
[    0.648330] Block layer SCSI generic (bsg) driver version 0.4 loaded (major 246)
[    0.649812] io scheduler noop registered
[    0.650583] io scheduler deadline registered
[    0.651392] io scheduler cfq registered (default)
[    0.652779] ACPI: AC Adapter [AC] (on-line)
[    0.653778] input: Power Button as /devices/LNXSYSTM:00/LNXPWRBN:00/input/input0
[    0.655559] ACPI: Power Button [PWRF]
[    0.656425] input: Sleep Button as /devices/LNXSYSTM:00/LNXSLPBN:00/input/input1
[    0.658031] ACPI: Sleep Button [SLPF]
[    0.659974] ACPI: Battery Slot [BAT0] (battery present)
[    0.660146] Serial: 8250/16550 driver, 32 ports, IRQ sharing enabled
[    0.682686] 00:02: ttyS0 at I/O 0x3f8 (irq = 4, base_baud = 115200) is a 16550A
[    0.684935] Linux agpgart interface v0.103
[    0.687600] loop: module loaded
[    0.688649] scsi host0: ata_piix
[    0.689449] scsi host1: ata_piix
[    0.690162] ata1: PATA max UDMA/33 cmd 0x1f0 ctl 0x3f6 bmdma 0xd000 irq 14
[    0.691472] ata2: PATA max UDMA/33 cmd 0x170 ctl 0x376 bmdma 0xd008 irq 15
[    0.692723] libphy: Fixed MDIO Bus: probed
[    0.693587] tun: Universal TUN/TAP device driver, 1.6
[    0.695046] PPP generic driver version 2.4.2
[    0.695816] ehci_hcd: USB 2.0 'Enhanced' Host Controller (EHCI) Driver
[    0.696948] ehci-pci: EHCI PCI platform driver
[    0.697721] ehci-platform: EHCI generic platform driver
[    0.698613] ohci_hcd: USB 1.1 'Open' Host Controller (OHCI) Driver
[    0.699654] ohci-pci: OHCI PCI platform driver
[    0.700594] ohci-platform: OHCI generic platform driver
[    0.701888] uhci_hcd: USB Universal Host Controller Interface driver
[    0.703494] i8042: PNP: PS/2 Controller [PNP0303:PS2K,PNP0f03:PS2M] at 0x60,0x64 irq 1,12
[    0.705301] serio: i8042 KBD port at 0x60,0x64 irq 1
[    0.706477] serio: i8042 AUX port at 0x60,0x64 irq 12
[    0.707511] mousedev: PS/2 mouse device common for all mice
[    0.709337] input: AT Translated Set 2 keyboard as /devices/platform/i8042/serio0/input/input2
[    0.711672] rtc_cmos rtc_cmos: rtc core: registered rtc_cmos as rtc0
[    0.713487] rtc_cmos rtc_cmos: alarms up to one day, 114 bytes nvram
[    0.714582] i2c /dev entries driver
[    0.715391] device-mapper: uevent: version 1.0.3
[    0.716259] device-mapper: ioctl: 4.37.0-ioctl (2017-09-20) initialised: dm-devel@redhat.com
[    0.717940] ledtrig-cpu: registered to indicate activity on CPUs
[    0.719673] NET: Registered protocol family 10
[    0.722793] Segment Routing with IPv6
[    0.723461] NET: Registered protocol family 17
[    0.724327] Key type dns_resolver registered
[    0.725389] mce: Using 0 MCE banks
[    0.726006] RAS: Correctable Errors collector initialized.
[    0.727048] sched_clock: Marking stable (725360456, 0)->(977201085, -251840629)
[    0.728689] registered taskstats version 1
[    0.729419] Loading compiled-in X.509 certificates
[    0.731628] Loaded X.509 cert 'Build time autogenerated kernel key: ebed311aedd59d9a851620769f4a146e4e1d43c6'
[    0.734058] Loaded X.509 cert 'Canonical Ltd. Live Patch Signing: 14df34d1a87cf37625abec039ef2bf521249b969'
[    0.737260] Loaded X.509 cert 'Canonical Ltd. Kernel Module Signing: 88f752e560a1e0737e31163a466ad7b70a850c19'
[    0.738952] zswap: loaded using pool lzo/zbud
[    0.741844] Key type big_key registered
[    0.742541] Key type trusted registered
[    0.745212] Key type encrypted registered
[    0.745933] AppArmor: AppArmor sha1 policy hashing enabled
[    0.746877] ima: No TPM chip found, activating TPM-bypass! (rc=-19)
[    0.747948] ima: Allocated hash algorithm: sha1
[    0.749194] evm: HMAC attrs: 0x1
[    0.750189]   Magic number: 13:520:269
[    0.751406] rtc_cmos rtc_cmos: setting system clock to 2021-11-27 07:15:48 UTC (1637997348)
[    0.753256] BIOS EDD facility v0.16 2004-Jun-25, 0 devices found
[    0.754293] EDD information not available.
[    1.161241] Freeing unused kernel image memory: 2448K
[    1.204596] Write protecting the kernel read-only data: 20480k
[    1.207133] Freeing unused kernel image memory: 2008K
[    1.208770] Freeing unused kernel image memory: 1824K
[    1.218838] x86/mm: Checked W+X mappings: passed, no W+X pages found.
[    1.220625] x86/mm: Checking user space page tables
[    1.229082] x86/mm: Checked W+X mappings: passed, no W+X pages found.
Loading, please wait...
starting version 237
[    1.273733] Fusion MPT base driver 3.04.20
[    1.275210] Copyright (c) 1999-2008 LSI Corporation
[    1.284633] e1000: Intel(R) PRO/1000 Network Driver - version 7.3.21-k8-NAPI
[    1.286906] e1000: Copyright (c) 1999-2006 Intel Corporation.
[    1.291991] AVX2 version of gcm_enc/dec engaged.
[    1.293797] AES CTR mode by8 optimization enabled
[    1.299830] Fusion MPT SPI Host driver 3.04.20
[    1.490983] input: ImExPS/2 Generic Explorer Mouse as /devices/platform/i8042/serio1/input/input4
[    1.691856] e1000 0000:00:03.0 eth0: (PCI:33MHz:32-bit) 02:38:bc:e5:bf:66
[    1.693850] e1000 0000:00:03.0 eth0: Intel(R) PRO/1000 Network Connection
[    2.093603] e1000 0000:00:08.0 eth1: (PCI:33MHz:32-bit) 08:00:27:42:c5:54
[    2.095389] e1000 0000:00:08.0 eth1: Intel(R) PRO/1000 Network Connection
[    2.097835] e1000 0000:00:08.0 enp0s8: renamed from eth1
[    2.099005] mptbase: ioc0: Initiating bringup
[    2.112550] e1000 0000:00:03.0 enp0s3: renamed from eth0
[    2.193058] ioc0: LSI53C1030 A0: Capabilities={Initiator}
[    2.435279] scsi host2: ioc0: LSI53C1030 A0, FwRev=00000000h, Ports=1, MaxQ=256, IRQ=20
[    2.605597] scsi 2:0:0:0: Direct-Access     VBOX     HARDDISK         1.0  PQ: 0 ANSI: 5
[    2.644407] scsi target2:0:0: Beginning Domain Validation
[    2.647837] scsi target2:0:0: Domain Validation skipping write tests
[    2.650108] scsi target2:0:0: Ending Domain Validation
[    2.651460] scsi target2:0:0: asynchronous
[    2.652927] scsi 2:0:1:0: Direct-Access     VBOX     HARDDISK         1.0  PQ: 0 ANSI: 5
[    2.684351] scsi target2:0:1: Beginning Domain Validation
[    2.687187] scsi target2:0:1: Domain Validation skipping write tests
[    2.688547] scsi target2:0:1: Ending Domain Validation
[    2.689634] scsi target2:0:1: asynchronous
[    2.693755] sd 2:0:0:0: Attached scsi generic sg0 type 0
[    2.695024] sd 2:0:0:0: [sda] 83886080 512-byte logical blocks: (42.9 GB/40.0 GiB)
[    2.695334] sd 2:0:1:0: Attached scsi generic sg1 type 0
[    2.698022] sd 2:0:0:0: [sda] Write Protect is off
[    2.699163] sd 2:0:1:0: [sdb] 20480 512-byte logical blocks: (10.5 MB/10.0 MiB)
[    2.700651] sd 2:0:0:0: [sda] Incomplete mode parameter data
[    2.701753] sd 2:0:0:0: [sda] Assuming drive cache: write through
[    2.702918] sd 2:0:1:0: [sdb] Write Protect is off
[    2.703996] sd 2:0:1:0: [sdb] Incomplete mode parameter data
[    2.705694] sd 2:0:1:0: [sdb] Assuming drive cache: write through
[    2.707440] random: fast init done
[    2.708303]  sda: sda1
[    2.708898] random: systemd-udevd: uninitialized urandom read (16 bytes read)
[    2.710334] random: systemd-udevd: uninitialized urandom read (16 bytes read)
[    2.711698] random: systemd-udevd: uninitialized urandom read (16 bytes read)
[    2.713439] sd 2:0:0:0: [sda] Attached SCSI disk
[    2.714495] sd 2:0:1:0: [sdb] Attached SCSI disk
Begin: Loading essential drivers ... [    4.052142] raid6: sse2x1   gen() 13901 MB/s
[    4.100221] raid6: sse2x1   xor()  8505 MB/s
[    4.148114] raid6: sse2x2   gen() 15783 MB/s
[    4.196529] raid6: sse2x2   xor()  9882 MB/s
[    4.244224] raid6: sse2x4   gen() 19020 MB/s
[    4.292247] raid6: sse2x4   xor()  9894 MB/s
[    4.340204] raid6: avx2x1   gen() 27483 MB/s
[    4.388138] raid6: avx2x1   xor() 16386 MB/s
[    4.436161] raid6: avx2x2   gen() 33343 MB/s
[    4.484603] raid6: avx2x2   xor() 21785 MB/s
[    4.532530] raid6: avx2x4   gen() 38923 MB/s
[    4.580532] raid6: avx2x4   xor() 23897 MB/s
[    4.581743] raid6: using algorithm avx2x4 gen() 38923 MB/s
[    4.582636] raid6: .... xor() 23897 MB/s, rmw enabled
[    4.583461] raid6: using avx2x2 recovery algorithm
[    4.585368] xor: automatically using best checksumming function   avx       
[    4.587581] async_tx: api initialized (async)
done.
Begin: Running /scripts/init-premount ... done.
Begin: Mounting root file system ... Begin: Running /scripts/local-top ... done.
Begin: Running /scripts/local-premount ... [    4.618969] Btrfs loaded, crc32c=crc32c-intel
Scanning for Btrfs filesystems
done.
Warning: fsck not present, so skipping root file system
[    4.635686] EXT4-fs (sda1): mounted filesystem with ordered data mode. Opts: (null)
done.
Begin: Running /scripts/local-bottom ... done.
Begin: Running /scripts/init-bottom ... done.
[    4.740929] ip_tables: (C) 2000-2006 Netfilter Core Team
[    4.745731] systemd[1]: systemd 237 running in system mode. (+PAM +AUDIT +SELINUX +IMA +APPARMOR +SMACK +SYSVINIT +UTMP +LIBCRYPTSETUP +GCRYPT +GNUTLS +ACL +XZ +LZ4 +SECCOMP +BLKID +ELFUTILS +KMOD -IDN2 +IDN -PCRE2 default-hierarchy=hybrid)
[    4.749484] systemd[1]: Detected virtualization oracle.
[    4.750383] systemd[1]: Detected architecture x86-64.

Welcome to [1mUbuntu 18.04.6 LTS[0m!

[    4.755326] systemd[1]: Set hostname to <ubuntu>.
[    4.758019] systemd[1]: Initializing machine ID from random generator.
[    4.759204] systemd[1]: Installed transient /etc/machine-id file.
[    4.934264] systemd[1]: Reached target System Time Synchronized.
[[0;32m  OK  [0m] Reached target System Time Synchronized.
[    4.937257] systemd[1]: Created slice User and Session Slice.
[[0;32m  OK  [0m] Created slice User and Session Slice.
[    4.948687] systemd[1]: Reached target Swap.
[[0;32m  OK  [0m] Reached target Swap.
[    4.950474] systemd[1]: Set up automount Arbitrary Executable File Formats File System Automount Point.
[[0;32m  OK  [0m] Set up automount Arbitrary Executabâ€¦rmats File System Automount Point.
[[0;32m  OK  [0m] Started Forward Password Requests to Wall Directory Watch.
[[0;32m  OK  [0m] Created slice System Slice.
[[0;32m  OK  [0m] Reached target Slices.
[[0;32m  OK  [0m] Listening on udev Kernel Socket.
[[0;32m  OK  [0m] Listening on Syslog Socket.
[[0;32m  OK  [0m] Listening on Journal Socket (/dev/log).
[[0;32m  OK  [0m] Listening on LVM2 poll daemon socket.
[[0;32m  OK  [0m] Listening on Journal Audit Socket.
[[0;32m  OK  [0m] Listening on /dev/initctl Compatibility Named Pipe.
[[0;32m  OK  [0m] Listening on fsck to fsckd communication Socket.
[[0;32m  OK  [0m] Listening on udev Control Socket.
[[0;32m  OK  [0m] Reached target User and Group Name Lookups.
[[0;32m  OK  [0m] Created slice system-serial\x2dgetty.slice.
[[0;32m  OK  [0m] Listening on LVM2 metadata daemon socket.
[[0;32m  OK  [0m] Listening on Device-mapper event daemon FIFOs.
[[0;32m  OK  [0m] Listening on Network Service Netlink Socket.
[[0;32m  OK  [0m] Listening on Journal Socket.
         Starting Uncomplicated firewall...
         Starting udev Coldplug all Devices...
         Starting Monitoring of LVM2 mirrorsâ€¦ng dmeventd or progress polling...
         Mounting POSIX Message Queue File System...
         Starting Set the console keyboard layout...
         Starting Journal Service...
         Mounting Huge Pages File System...
         Starting Load Kernel Modules...
         Mounting Kernel Debug File System...
[    5.101868] Loading iSCSI transport class v2.0-870.
         Starting File System Check on Root Device...
[    5.107959] iscsi: registered transport (tcp)
         Starting Create list of required stâ€¦ce nodes for the current kernel...
[[0;32m  OK  [0m] Started Journal Service.
[[0;32m  OK  [0m] Started Uncomplicated firewall.
[[0;32m  OK  [0m] Mounted POSIX Message Queue File System.
[    5.125722] iscsi: registered transport (iser)
[[0;32m  OK  [0m] Mounted Huge Pages File System.
[[0;32m  OK  [0m] Started Load Kernel Modules.
[[0;32m  OK  [0m] Mounted Kernel Debug File System.
[[0;32m  OK  [0m] Started Create list of required staâ€¦vice nodes for the current kernel.
[[0;32m  OK  [0m] Started File System Check on Root Device.
[[0;32m  OK  [0m] Started udev Coldplug all Devices.
[[0;32m  OK  [0m] Started File System Check Daemon to report status.
[[0;32m  OK  [0m] Started LVM2 metadata daemon.
         Starting Remount Root and Kernel File Systems...
         Starting Create Static Device Nodes in /dev...
         Mounting FUSE Control File System...
         Starting Apply Kernel Variables...
         Mounting Kernel Configuration File System...
[[0;32m  OK  [0m] Started Monitoring of LVM2 mirrors,â€¦sing dmeventd or progress polling.
[[0;32m  OK  [0m] Started Set the console keyboard layout.
[[0;32m  OK  [0m] Mounted FUSE Control File System.
[[0;32m  OK  [0m] Mounted Kernel Configuration File System.
[[0;32m  OK  [0m] Started Create Static Device Nodes in /dev.
[[0;32m  OK  [0m] Started Remount Root and Kernel File Systems.
         Starting Load/Save Random Seed...
         Starting Flush Journal to Persistent Storage...
[[0;32m  OK  [0m] Reached target Local File Systems (Pre).
[[0;32m  OK  [0m] Reached target Local File Systems.
         Starting Set console font and keymap...
         Starting ebtables ruleset management...
         Starting Tell Plymouth To Write Out Runtime Data...
         Starting Commit a transient machine-id on disk...
         Starting AppArmor initialization...
         Starting udev Kernel Device Manager...
[[0;32m  OK  [0m] Started Apply Kernel Variables.
[[0;32m  OK  [0m] Started Load/Save Random Seed.
[[0;32m  OK  [0m] Started Set console font and keymap.
[[0;32m  OK  [0m] Started Tell Plymouth To Write Out Runtime Data.
[[0;32m  OK  [0m] Started udev Kernel Device Manager.
[[0;32m  OK  [0m] Started Dispatch Password Requests to Console Directory Watch.
[[0;32m  OK  [0m] Reached target Local Encrypted Volumes.
[[0;32m  OK  [0m] Started Flush Journal to Persistent Storage.
         Starting Create Volatile Files and Directories...
[[0;32m  OK  [0m] Started Commit a transient machine-id on disk.
[[0;32m  OK  [0m] Started Create Volatile Files and Directories.
         Starting Update UTMP about System Boot/Shutdown...
[[0;32m  OK  [0m] Started Update UTMP about System Boot/Shutdown.
[[0;32m  OK  [0m] Started ebtables ruleset management.
[[0;32m  OK  [0m] Found device /dev/ttyS0.
[[0;32m  OK  [0m] Listening on Load/Save RF Kill Switch Status /dev/rfkill Watch.
[[0;32m  OK  [0m] Started AppArmor initialization.
         Starting Initial cloud-init job (pre-networking)...
         Starting Load AppArmor profiles managed internally by snapd...
[[0;32m  OK  [0m] Started Load AppArmor profiles managed internally by snapd.
[    6.511024] cloud-init[607]: Cloud-init v. 21.3-1-g6803368d-0ubuntu1~18.04.4 running 'init-local' at Sat, 27 Nov 2021 07:15:54 +0000. Up 6.27 seconds.
[[0;32m  OK  [0m] Started Initial cloud-init job (pre-networking).
[[0;32m  OK  [0m] Reached target Network (Pre).
         Starting Network Service...
[[0;32m  OK  [0m] Started Network Service.
         Starting Network Name Resolution...
         Starting Wait for Network to be Configured...
[[0;32m  OK  [0m] Started Network Name Resolution.
[[0;32m  OK  [0m] Reached target Network.
[[0;32m  OK  [0m] Reached target Host and Network Name Lookups.
[[0;32m  OK  [0m] Started Wait for Network to be Configured.
         Starting Initial cloud-init job (metadata service crawler)...
[    8.588364] cloud-init[744]: Cloud-init v. 21.3-1-g6803368d-0ubuntu1~18.04.4 running 'init' at Sat, 27 Nov 2021 07:15:56 +0000. Up 8.49 seconds.
[    8.590546] cloud-init[744]: ci-info: ++++++++++++++++++++++++++++++++++++++Net device info+++++++++++++++++++++++++++++++++++++++
[    8.592448] cloud-init[744]: ci-info: +--------+-------+----------------------------+---------------+--------+-------------------+
[    8.594940] cloud-init[744]: ci-info: | Device |   Up  |          Address           |      Mask     | Scope  |     Hw-Address    |
[    8.597094] cloud-init[744]: ci-info: +--------+-------+----------------------------+---------------+--------+-------------------+
[    8.599041] cloud-init[744]: ci-info: | enp0s3 |  True |         10.0.2.15          | 255.255.255.0 | global | 02:38:bc:e5:bf:66 |
[    8.601080] cloud-init[744]: ci-info: | enp0s3 |  True | fe80::38:bcff:fee5:bf66/64 |       .       |  link  | 02:38:bc:e5:bf:66 |
[    8.602705] cloud-init[744]: ci-info: | enp0s8 | False |             .              |       .       |   .    | 08:00:27:42:c5:54 |
[    8.616314] cloud-init[744]: ci-info: |   lo   |  True |         127.0.0.1          |   255.0.0.0   |  host  |         .         |
[    8.628251] cloud-init[744]: ci-info: |   lo   |  True |          ::1/128           |       .       |  host  |         .         |
[    8.631828] cloud-init[744]: ci-info: +--------+-------+----------------------------+---------------+--------+-------------------+
[    8.634285] cloud-init[744]: ci-info: ++++++++++++++++++++++++++++Route IPv4 info+++++++++++++++++++++++++++++
[    8.635854] cloud-init[744]: ci-info: +-------+-------------+----------+-----------------+-----------+-------+
[    8.637384] cloud-init[744]: ci-info: | Route | Destination | Gateway  |     Genmask     | Interface | Flags |
[    8.638906] cloud-init[744]: ci-info: +-------+-------------+----------+-----------------+-----------+-------+
[    8.640624] cloud-init[744]: ci-info: |   0   |   0.0.0.0   | 10.0.2.2 |     0.0.0.0     |   enp0s3  |   UG  |
[    8.642115] cloud-init[744]: ci-info: |   1   |   10.0.2.0  | 0.0.0.0  |  255.255.255.0  |   enp0s3  |   U   |
[    8.643542] cloud-init[744]: ci-info: |   2   |   10.0.2.2  | 0.0.0.0  | 255.255.255.255 |   enp0s3  |   UH  |
[    8.644883] cloud-init[744]: ci-info: +-------+-------------+----------+-----------------+-----------+-------+
[    8.646329] cloud-init[744]: ci-info: +++++++++++++++++++Route IPv6 info+++++++++++++++++++
[    8.647832] cloud-init[744]: ci-info: +-------+-------------+---------+-----------+-------+
[    8.649310] cloud-init[744]: ci-info: | Route | Destination | Gateway | Interface | Flags |
[    8.650454] cloud-init[744]: ci-info: +-------+-------------+---------+-----------+-------+
[    8.651601] cloud-init[744]: ci-info: |   1   |  fe80::/64  |    ::   |   enp0s3  |   U   |
[    8.652792] cloud-init[744]: ci-info: |   3   |    local    |    ::   |   enp0s3  |   U   |
[    8.653956] cloud-init[744]: ci-info: |   4   |   ff00::/8  |    ::   |   enp0s3  |   U   |
[    8.655160] cloud-init[744]: ci-info: +-------+-------------+---------+-----------+-------+
[    9.797314] cloud-init[744]: Generating public/private rsa key pair.
[    9.798077] cloud-init[744]: Your identification has been saved in /etc/ssh/ssh_host_rsa_key.
[    9.799450] cloud-init[744]: Your public key has been saved in /etc/ssh/ssh_host_rsa_key.pub.
[    9.800844] cloud-init[744]: The key fingerprint is:
[    9.801816] cloud-init[744]: SHA256:gQmF5nKkZ/KSnowZwpQfft1QRltZPTJykXyzE5KXMUY root@ubuntu-bionic
[    9.803286] cloud-init[744]: The key's randomart image is:
[    9.803904] cloud-init[744]: +---[RSA 2048]----+
[    9.804587] cloud-init[744]: |    .o. .. .+o*Eo|
[    9.805168] cloud-init[744]: |    +. o ooo O.O.|
[    9.806093] cloud-init[744]: |  .=  o +.  o * =|
[    9.806899] cloud-init[744]: | o+.=  . .     o |
[    9.807672] cloud-init[744]: |o oO. . S       .|
[    9.808469] cloud-init[744]: |o.oo.. . .       |
[    9.809247] cloud-init[744]: |.* o.            |
[    9.810019] cloud-init[744]: |o +              |
[    9.810786] cloud-init[744]: |                 |
[    9.811590] cloud-init[744]: +----[SHA256]-----+
[    9.812423] cloud-init[744]: Generating public/private dsa key pair.
[    9.813568] cloud-init[744]: Your identification has been saved in /etc/ssh/ssh_host_dsa_key.
[    9.815009] cloud-init[744]: Your public key has been saved in /etc/ssh/ssh_host_dsa_key.pub.
[    9.816394] cloud-init[744]: The key fingerprint is:
[    9.817229] cloud-init[744]: SHA256:r5CINLE8AONbacx/OIn2EHav4t2XEt0EeQo/5t+XWJ8 root@ubuntu-bionic
[    9.818747] cloud-init[744]: The key's randomart image is:
[    9.828156] cloud-init[744]: +---[DSA 1024]----+
[    9.828922] cloud-init[744]: |o         .      |
[    9.829562] cloud-init[744]: |o.o .  . o .     |
[    9.830374] cloud-init[744]: |...O .  o +      |
[    9.831248] cloud-init[744]: | o=o= +  = .     |
[    9.832091] cloud-init[744]: | .*+ = oS +      |
[    9.832893] cloud-init[744]: | ..+o.+o + .   . |
[    9.833718] cloud-init[744]: |  ...oo . + . o +|
[    9.834523] cloud-init[744]: |  . o .o + . o E.|
[    9.835367] cloud-init[744]: |   . . .+     .  |
[    9.836082] cloud-init[744]: +----[SHA256]-----+
[[0;32m  OK  [0m] Started Initial cloud-init job (metadata service crawler).
[[0;32m  OK  [0m] Reached target Cloud-config availability.
[[0;32m  OK  [0m] Reached target System Initialization.
[[0;32m  OK  [0m] Started Message of the Day.
[[0;32m  OK  [0m] Started Daily apt download activities.
[[0;32m  OK  [0m] Listening on cloud-init hotplug hook socket.
[[0;32m  OK  [0m] Started ACPI Events Check.
[[0;32m  OK  [0m] Started Daily Cleanup of Temporary Directories.
[[0;32m  OK  [0m] Started Daily apt upgrade and clean activities.
[[0;32m  OK  [0m] Listening on ACPID Listen Socket.
[    9.854407] cloud-init[744]: Generating public/private ecdsa key pair.
[    9.863446] [[0;32m  OK  [0m] Started Discard unused blocks once a week.
cloud-init[744]: Your identification has been saved in /etc/ssh/ssh_host_ecdsa_key.
[    9.866284] cloud-init[744]: Your public key has been saved in /etc/ssh/ssh_host_ecdsa_key.pub.
         Starting LXD - unix socket.
[[0;32m  OK  [0m] Listening on D-Bus System Message Bus Socket.
[[0;32m  OK  [0m] Listening on Open-iSCSI iscsid Socket.
[[0;32m  OK  [0m] Listening on UUID daemon activation socket.
[[0;32m  OK  [0m] Started Ubuntu Advantage Timer for running repeated jobs.
         Starting Socket activation for snappy daemon.
[    9.869832] cloud-init[744]: The key fingerprint is:
[[0;32m  OK  [0m] Started Trigger to poll for Ubuntu â€¦(Only enabled on GCP LTS non-pro).
[[0;32m  OK  [0m] Reached target Paths.
[[0;32m  OK  [0m] Reached target Timers.
[[0;32m  OK  [0m] Reached target Network is Online.
[    9.901631] cloud-init[744]: SHA256:jmZqHcOvBjPi9is8ZoYj7IR0O0FtEetitP0ZqFtY374 root@ubuntu-bionic
         Starting Availability of block devices...
[[    9.932312] [0;32m  OK  [0mcloud-init] [744]: Reached target Remote File Systems (Pre).The key's randomart image is:

[[    9.933662] [0;32m  OK  [0mcloud-init] [744]: Reached target Remote File Systems.+---[ECDSA 256]---+

[[0;32m  OK  [0m] Listening on LXD - unix socket.
[    9.935143] cloud-init[744]: |     o.          |
[[0;32m  OK  [0m] Listening on Socket activation for snappy daemon.
[    9.936003] cloud-init[744]: |    . o          |
[[0;32m  OK  [0m] Started Availability of block devices.
[    9.938251] cloud-init[744]: |   o +           |
[[0;32m  OK  [0m] [    9.938705] Reached target Sockets.cloud-init
[744]: |  o = .          |
[[0;32m  OK  [0m] [    9.939738] Reached target Basic System.cloud-init
[744]: | . * * .S        |
[    9.952344] [cloud-init[0;32m  OK  [0m[744]: ] |o + @ *o+        |Started FUSE filesystem for LXC.

[    9.952404] cloud-init[744]: |o= * *+B..       |
[    9.954301] cloud-init[744]: |=.X =+o o        |
         Starting Dispatcher daemon for systemd-networkd...
         Starting LSB: automatic crash report generation...
[    9.960150] cloud-init[744]: |oB *+o.. E.      |
[[0;32m  OK  [0m] Started Regular background program processing daemon.
[    9.972249] cloud-init[744]: +----[SHA256]-----+
         Starting System Logging Service...
[    9.974000] cloud-init[744]: Generating public/private ed25519 key pair.
[    9.984172] cloud-init[744]: Your identification has been saved in /etc/ssh/ssh_host_ed25519_key.
         Starting Permit User Sessions...
[    9.984250] cloud-init[744]: Your public key has been saved in /etc/ssh/ssh_host_ed25519_key.pub.
[    9.986918]          cloud-initStarting Accounts Service...[744]: 
The key fingerprint is:
[   10.000236] cloud-init[744]: SHA256:SjJBoUkiq5QmlO6cf6XAnCTn0h01fokC3ZGRa6TIP6w root@ubuntu-bionic
[   10.002683] cloud-init[744]: The key's randomart image is:
[   10.003232] cloud-init[744]: +--[ED25519 256]--+
[   10.003914] cloud-init[744]: |o.o +..o=        |
         Starting Snap Daemon...
[   10.025833] cloud-init[744]:          Starting Virtualbox guest utils...
|o=.= . B         |
[   10.028472]          Starting Login Service...
[[0;32m  OK  [0m] Started Deferred execution scheduler.
cloud-init[744]: |+++ + = + .      |
[   10.032108] cloud-init[744]: |=o = = = o       |
[   10.033645] cloud-init[744]: |+ X B = S        |
[   10.034496] cloud-init[744]: | = B O o         |
[   10.035549] cloud-init[744]: |  o o =          |
[   10.037683] cloud-init[744]: |   E o           |
[   10.039108] cloud-init[744]: |    .            |
[   10.040290] cloud-init[744]: +----[SHA256]-----+
[[0;32m  OK  [0m] Started irqbalance daemon.
         Starting Pollinate to seed the pseudo random number generator...
         Starting LXD - container startup/shutdown...
[[0;32m  OK  [0m] Started D-Bus System Message Bus.
[[0;32m  OK  [0m] Started Login Service.
[[0;32m  OK  [0m] Started Unattended Upgrades Shutdown.
         Starting LSB: Record successful boot for GRUB...
[[0;32m  OK  [0m] Started System Logging Service.
[[0;32m  OK  [0m] Started Permit User Sessions.
         Starting Hold until boot process finishes up...
         Starting Terminate Plymouth Boot Screen...
[[0;32m  OK  [0m] Started Hold until boot process finishes up.
         Starting Set console scheme...
[[0;32m  OK  [0m] Started Serial Getty on ttyS0.
[[0;32m  OK  [0m] Started Terminate Plymouth Boot Screen.
[[0;32m  OK  [0m] Started Dispatcher daemon for systemd-networkd.
[[0;32m  OK  [0m] Started LXD - container startup/shutdown.
[[0;32m  OK  [0m] Started Set console scheme.
[[0;32m  OK  [0m] Created slice system-getty.slice.
[[0;32m  OK  [0m] Started Getty on tty1.
[[0;32m  OK  [0m] Reached target Login Prompts.
[[0;32m  OK  [0m] Started LSB: automatic crash report generation.
[[0;32m  OK  [0m] Started LSB: Record successful boot for GRUB.
         Starting Authorization Manager...
[[0;32m  OK  [0m] Started Virtualbox guest utils.
[[0;32m  OK  [0m] Started Authorization Manager.
[[0;32m  OK  [0m] Started Accounts Service.
[[0;32m  OK  [0m] Started Snap Daemon.
         Starting Wait until snapd is fully seeded...
[[0;32m  OK  [0m] Started Pollinate to seed the pseudo random number generator.
         Starting OpenBSD Secure Shell server...
[[0;32m  OK  [0m] Started OpenBSD Secure Shell server.
[[0;32m  OK  [0m] Started Wait until snapd is fully seeded.
[[0;32m  OK  [0m] Reached target Multi-User System.
[[0;32m  OK  [0m] Reached target Graphical Interface.
         Starting Update UTMP about System Runlevel Changes...
         Starting Apply the settings specified in cloud-config...
[[0;32m  OK  [0m] Started Update UTMP about System Runlevel Changes.
[   11.632143] cloud-init[1326]: Cloud-init v. 21.3-1-g6803368d-0ubuntu1~18.04.4 running 'modules:config' at Sat, 27 Nov 2021 07:15:59 +0000. Up 11.40 seconds.
[[0;32m  OK  [0m] Started Apply the settings specified in cloud-config.
         Starting Execute cloud user/final scripts...
ci-info: no authorized SSH keys fingerprints found for user ubuntu.
[[0;32m  OK  [0m] Created slice User Slice of vagrant.
         Starting User Manager for UID 1000...
<14>Nov 27 07:15:59 cloud-init: #############################################################
<14>Nov 27 07:15:59 cloud-init: -----BEGIN SSH HOST KEY FINGERPRINTS-----
<14>Nov 27 07:15:59 cloud-init: 1024 SHA256:r5CINLE8AONbacx/OIn2EHav4t2XEt0EeQo/5t+XWJ8 root@ubuntu-bionic (DSA)
<14>Nov 27 07:15:59 cloud-init: 256 SHA256:jmZqHcOvBjPi9is8ZoYj7IR0O0FtEetitP0ZqFtY374 root@ubuntu-bionic (ECDSA)
<14>Nov 27 07:15:59 cloud-init: 256 SHA256:SjJBoUkiq5QmlO6cf6XAnCTn0h01fokC3ZGRa6TIP6w root@ubuntu-bionic (ED25519)
<14>Nov 27 07:15:59 cloud-init: 2048 SHA256:gQmF5nKkZ/KSnowZwpQfft1QRltZPTJykXyzE5KXMUY root@ubuntu-bionic (RSA)
<14>Nov 27 07:15:59 cloud-init: -----END SSH HOST KEY FINGERPRINTS-----
<14>Nov 27 07:15:59 cloud-init: #############################################################
-----BEGIN SSH HOST KEY KEYS-----
ecdsa-sha2-nistp256 AAAAE2VjZHNhLXNoYTItbmlzdHAyNTYAAAAIbmlzdHAyNTYAAABBBAm1SfG4a2Wn7oKHGcz12d98JvJGFgAMY0Q64e1nRLJu6aytsQVsXaxFVYGSvZONBJfkZ/lW3C6sXelNZ75nWgk= root@ubuntu-bionic
ssh-ed25519 AAAAC3NzaC1lZDI1NTE5AAAAIKh0Dg8Bf9SAebZq/X4M4QxF/93OYpy6ySq7lB64BYxY root@ubuntu-bionic
ssh-rsa AAAAB3NzaC1yc2EAAAADAQABAAABAQC/3QdSL43DzwAC/A6//k/1BU1eYP8tPu6L9gsfTBDQvK/z0B1ANDuH9BZkmVz4jFBLajsn6rJqghggtO8z9uOJky5TNu5vHveBf5k4/8uLtOoZUj2RsWtv8Cri7mn4gw8x+KI2qJoip7hI1RV53znFFuztIYoXcNpJ+D59IqEPRbWV0zDvIpA1mx8zJ/hh/L9dHFVAQCOyQfuqNkfWejXWu+TmAnP1hsXSSL5ICndyuQdiGTcKaF5Y4d6X7Ln6SbU4VP1EbqveohMNh9dY9gevUYCYiSt3EV/KPuuKxrcegq6J9h01tOgoF7l08vs4uU3SeWVo+pkRfPviP98RmZa1 root@ubuntu-bionic
-----END SSH HOST KEY KEYS-----
[[0;32m  OK  [0m] Started Session 1 of user vagrant.
[   12.083992] cloud-init[1382]: Cloud-init v. 21.3-1-g6803368d-0ubuntu1~18.04.4 running 'modules:final' at Sat, 27 Nov 2021 07:15:59 +0000. Up 11.93 seconds.
[   12.085749] cloud-init[1382]: ci-info: no authorized SSH keys fingerprints found for user ubuntu.
[   12.087006] cloud-init[1382]: Cloud-init v. 21.3-1-g6803368d-0ubuntu1~18.04.4 finished at Sat, 27 Nov 2021 07:15:59 +0000. Datasource DataSourceNoCloud [seed=/dev/sdb][dsmode=net].  Up 12.07 seconds
[[0;32m  OK  [0m] Started User Manager for UID 1000.
[[0;32m  OK  [0m] Started Execute cloud user/final scripts.
[[0;32m  OK  [0m] Reached target Cloud-init target.

Ubuntu 18.04.6 LTS ubuntu-bionic ttyS0

ubuntu-bionic login: 